Microchip MPLAB XC8 Compiler V2.32

Linker command line:

-W-3 --edf=C:\Program Files\Microchip\xc8\v2.32\pic\dat\en_msgs.txt -cn \
  -h+dist/default/production\INA219MK1v2.0.X.production.sym \
  --cmf=dist/default/production\INA219MK1v2.0.X.production.cmf -z \
  -Q18F46K20 -oC:\Users\Torben\AppData\Local\Temp\xcAsffg.4 \
  --defsym=__MPLAB_BUILD=1 \
  -Mdist/default/production/INA219MK1v2.0.X.production.map -E1 \
  -ver=XC8 Compiler --acfsm=1493 -ASTACK=01BFh-0F5Fh -pstack=STACK \
  -ACODE=00h-0FFFFh -ACONST=00h-0FFFFh -ASMALLCONST=01000h-010FFhx240 \
  -AMEDIUMCONST=01000h-0FFFFh -ACOMRAM=01h-05Fh -AABS1=00h-0F5Fh \
  -ABIGRAM=01h-0F5Fh -ARAM=060h-0FFh,0100h-01FFhx14,0F00h-0F5Fh \
  -ABANK0=060h-0FFh -ABANK1=0100h-01FFh -ABANK2=0200h-02FFh \
  -ABANK3=0300h-03FFh -ABANK4=0400h-04FFh -ABANK5=0500h-05FFh \
  -ABANK6=0600h-06FFh -ABANK7=0700h-07FFh -ABANK8=0800h-08FFh \
  -ABANK9=0900h-09FFh -ABANK10=0A00h-0AFFh -ABANK11=0B00h-0BFFh \
  -ABANK12=0C00h-0CFFh -ABANK13=0D00h-0DFFh -ABANK14=0E00h-0EFFh \
  -ABANK15=0F00h-0F5Fh -ASFR=0F60h-0FFFh -ACONFIG=0300000h-030000Dh \
  -AIDLOC=0200000h-0200007h -AEEDATA=0F00000h-0F003FFh -peeprom_data=EEDATA \
  -preset_vec=00h,intcode=08h,intcodelo,powerup,init -pramtop=01000h \
  -psmallconst=SMALLCONST -pmediumconst=MEDIUMCONST -pconst=CONST \
  -AFARRAM=00h-00h \
  -prdata=COMRAM,nvrram=COMRAM,nvbit=COMRAM,rbss=COMRAM,rbit=COMRAM \
  -pfarbss=FARRAM,fardata=FARRAM,nvFARRAM=FARRAM \
  -pintsave_regs=BIGRAM,bigbss=BIGRAM,bigdata=BIGRAM -pbss=RAM \
  -pidata=CODE,irdata=CODE,ibigdata=CODE,ifardata=CODE -prparam=COMRAM \
  C:\Users\Torben\AppData\Local\Temp\xcAsffg.o \
  dist/default/production\INA219MK1v2.0.X.production.o 

Object code version is 3.11

Machine type is 18F46K20



                Name                               Link     Load   Length Selector   Space Scale
C:\Users\Torben\AppData\Local\Temp\xcAsffg.o
                idloc                            200000   200000        8        0       5
                config                           300000   300000        E        0       4
                init                                 B0       B0        4        4       0
                reset_vec                             0        0        4        0       0
dist/default/production\INA219MK1v2.0.X.production.o
                intcode                               8        8       A8        4       0
                idloc                            200000   200000        8        0       5
                config                           300000   300000        E        0       4
                temp                                 5B       5B        1        1       1
                smallconst                         1000     1000       9C      800       0
                text111                            49EE     49EE       2A      84E       0
                text110                            4CD0     4CD0        6      84E       0
                text109                            4D0C     4D0C        2      84E       0
                text108                            4CCA     4CCA        6      84E       0
                text107                            3B5C     3B5C       BC      84E       0
                text106                            474A     474A       42      84E       0
                text104                            4D0A     4D0A        2      84E       0
                text103                            4D02     4D02        4      84E       0
                text102                            4CFE     4CFE        4      84E       0
                text101                            4CFA     4CFA        4      84E       0
                text100                            49C2     49C2       2C      84E       0
                text99                             4CF6     4CF6        4      84E       0
                text98                             4CF2     4CF2        4      84E       0
                text97                             4CEE     4CEE        4      84E       0
                text96                             4A8C     4A8C       24      84E       0
                text95                             416A     416A       7A      84E       0
                text94                             4B86     4B86       18      84E       0
                text93                             4996     4996       2C      84E       0
                text92                             496A     496A       2C      84E       0
                text91                             493E     493E       2C      84E       0
                text90                             4912     4912       2C      84E       0
                text89                             478C     478C       40      84E       0
                text88                             4CEA     4CEA        4      84E       0
                text87                             4CE6     4CE6        4      84E       0
                text86                             4CE2     4CE2        4      84E       0
                text85                             4CC4     4CC4        6      84E       0
                text84                             4CDE     4CDE        4      84E       0
                text83                             4CBE     4CBE        6      84E       0
                text82                             4CB6     4CB6        8      84E       0
                text81                             4BC8     4BC8       14      84E       0
                text80                             4CDA     4CDA        4      84E       0
                text79                             40EE     40EE       7C      84E       0
                text78                             4C24     4C24        C      84E       0
                text77                             4BFC     4BFC       10      84E       0
                text76                             4BEC     4BEC       10      84E       0
                text75                             3A98     3A98       C4      84E       0
                text74                             3E1A     3E1A       A6      84E       0
                text73                             4C18     4C18        C      84E       0
                text72                             4CAE     4CAE        8      84E       0
                text71                             4CA6     4CA6        8      84E       0
                text70                             4C9E     4C9E        8      84E       0
                text69                             4C96     4C96        8      84E       0
                text68                             4C8E     4C8E        8      84E       0
                text67                             4C86     4C86        8      84E       0
                text66                             4C7E     4C7E        8      84E       0
                text65                             4C0C     4C0C        C      84E       0
                text64                             433E     433E       66      84E       0
                text63                             42CE     42CE       70      84E       0
                text62                             4BDC     4BDC       10      84E       0
                text61                             4AF0     4AF0       1E      84E       0
                text60                             4706     4706       44      84E       0
                text59                             4C76     4C76        8      84E       0
                text58                             4AB0     4AB0       22      84E       0
                text57                             3F56     3F56       8E      84E       0
                text56                             4B6E     4B6E       18      84E       0
                text55                             3FE4     3FE4       86      84E       0
                text54                             4AD2     4AD2       1E      84E       0
                text53                             4B56     4B56       18      84E       0
                text52                             26B2     26B2      42C      84E       0
                text51                             308E     308E      1B4      84E       0
                text50                             425A     425A       74      84E       0
                text49                             4B3E     4B3E       18      84E       0
                text48                             2ADE     2ADE      39A      84E       0
                text47                             3D72     3D72       A8      84E       0
                text46                             4522     4522       5A      84E       0
                text45                             4A66     4A66       26      84E       0
                text44                             4B26     4B26       18      84E       0
                text43                             406A     406A       84      84E       0
                text42                             4B0E     4B0E       18      84E       0
                text41                             45D4     45D4       54      84E       0
                text40                             4874     4874       38      84E       0
                text39                             4C6C     4C6C        A      84E       0
                text38                             4C62     4C62        A      84E       0
                text37                             4C58     4C58        A      84E       0
                text36                             4C4E     4C4E        A      84E       0
                text35                             4C44     4C44        A      84E       0
                text34                             41E4     41E4       76      84E       0
                text33                             4BB4     4BB4       14      84E       0
                text32                             4CD6     4CD6        4      84E       0
                text31                             4C3A     4C3A        A      84E       0
                text30                             48E2     48E2       30      84E       0
                text29                             4B9E     4B9E       16      84E       0
                text28                             4A40     4A40       26      84E       0
                text27                             483C     483C       38      84E       0
                text26                             4628     4628       52      84E       0
                text25                             3242     3242      19A      84E       0
                text24                             39D4     39D4       C4      84E       0
                text23                             3C18     3C18       B0      84E       0
                text22                             3CC8     3CC8       AA      84E       0
                text21                             362E     362E      106      84E       0
                text20                             4804     4804       38      84E       0
                text19                             1D44     1D44      4C0      84E       0
                text18                             467A     467A       48      84E       0
                text17                             3528     3528      106      84E       0
                text16                             3734     3734       FE      84E       0
                text15                             2E78     2E78      216      84E       0
                text14                             457C     457C       58      84E       0
                text13                             4C30     4C30        A      84E       0
                text12                             3EC0     3EC0       96      84E       0
                text11                             46C2     46C2       44      84E       0
                text10                             48AC     48AC       36      84E       0
                text9                              390E     390E       C6      84E       0
                text8                              4468     4468       5E      84E       0
                text7                              47CC     47CC       38      84E       0
                text6                              4408     4408       60      84E       0
                text5                              109C     109C      CA8      84E       0
                text4                              3832     3832       DC      84E       0
                text3                              2204     2204      4AE      84E       0
                text2                              43A4     43A4       64      84E       0
                text1                              4A18     4A18       28      84E       0
                text0                              33DC     33DC      14C      84E       0
                cstackCOMRAM                          1        1       55        1       1
                cstackBANK0                          60       60       83       60       1
                cstackBANK1                         1B7      1B7        6      100       1
                dataBANK1                           1BD      1BD        2      100       1
                bssBANK1                            100      100       AD      100       1
                dataBANK0                            FC       FC        2       60       1
                bssBANK0                             E3       E3       19       60       1
                bssCOMRAM                            56       56        5        1       1
                cinit                              44C6     44C6       5C      84E       0
                nvBANK1                             1AD      1AD        A      100       1
                nvBANK0                              FE       FE        1       60       1
                idataBANK1                         4D08     4D08        2      84E       0
                idataBANK0                         4D06     4D06        2      84E       0

TOTAL           Name                               Link     Load   Length     Space
        CLASS   STACK          

        CLASS   CODE           
                intcode                               8        8       A8         0
                init                                 B0       B0        4         0
                reset_vec                             0        0        4         0
                text111                            49EE     49EE       2A         0
                text110                            4CD0     4CD0        6         0
                text109                            4D0C     4D0C        2         0
                text108                            4CCA     4CCA        6         0
                text107                            3B5C     3B5C       BC         0
                text106                            474A     474A       42         0
                text104                            4D0A     4D0A        2         0
                text103                            4D02     4D02        4         0
                text102                            4CFE     4CFE        4         0
                text101                            4CFA     4CFA        4         0
                text100                            49C2     49C2       2C         0
                text99                             4CF6     4CF6        4         0
                text98                             4CF2     4CF2        4         0
                text97                             4CEE     4CEE        4         0
                text96                             4A8C     4A8C       24         0
                text95                             416A     416A       7A         0
                text94                             4B86     4B86       18         0
                text93                             4996     4996       2C         0
                text92                             496A     496A       2C         0
                text91                             493E     493E       2C         0
                text90                             4912     4912       2C         0
                text89                             478C     478C       40         0
                text88                             4CEA     4CEA        4         0
                text87                             4CE6     4CE6        4         0
                text86                             4CE2     4CE2        4         0
                text85                             4CC4     4CC4        6         0
                text84                             4CDE     4CDE        4         0
                text83                             4CBE     4CBE        6         0
                text82                             4CB6     4CB6        8         0
                text81                             4BC8     4BC8       14         0
                text80                             4CDA     4CDA        4         0
                text79                             40EE     40EE       7C         0
                text78                             4C24     4C24        C         0
                text77                             4BFC     4BFC       10         0
                text76                             4BEC     4BEC       10         0
                text75                             3A98     3A98       C4         0
                text74                             3E1A     3E1A       A6         0
                text73                             4C18     4C18        C         0
                text72                             4CAE     4CAE        8         0
                text71                             4CA6     4CA6        8         0
                text70                             4C9E     4C9E        8         0
                text69                             4C96     4C96        8         0
                text68                             4C8E     4C8E        8         0
                text67                             4C86     4C86        8         0
                text66                             4C7E     4C7E        8         0
                text65                             4C0C     4C0C        C         0
                text64                             433E     433E       66         0
                text63                             42CE     42CE       70         0
                text62                             4BDC     4BDC       10         0
                text61                             4AF0     4AF0       1E         0
                text60                             4706     4706       44         0
                text59                             4C76     4C76        8         0
                text58                             4AB0     4AB0       22         0
                text57                             3F56     3F56       8E         0
                text56                             4B6E     4B6E       18         0
                text55                             3FE4     3FE4       86         0
                text54                             4AD2     4AD2       1E         0
                text53                             4B56     4B56       18         0
                text52                             26B2     26B2      42C         0
                text51                             308E     308E      1B4         0
                text50                             425A     425A       74         0
                text49                             4B3E     4B3E       18         0
                text48                             2ADE     2ADE      39A         0
                text47                             3D72     3D72       A8         0
                text46                             4522     4522       5A         0
                text45                             4A66     4A66       26         0
                text44                             4B26     4B26       18         0
                text43                             406A     406A       84         0
                text42                             4B0E     4B0E       18         0
                text41                             45D4     45D4       54         0
                text40                             4874     4874       38         0
                text39                             4C6C     4C6C        A         0
                text38                             4C62     4C62        A         0
                text37                             4C58     4C58        A         0
                text36                             4C4E     4C4E        A         0
                text35                             4C44     4C44        A         0
                text34                             41E4     41E4       76         0
                text33                             4BB4     4BB4       14         0
                text32                             4CD6     4CD6        4         0
                text31                             4C3A     4C3A        A         0
                text30                             48E2     48E2       30         0
                text29                             4B9E     4B9E       16         0
                text28                             4A40     4A40       26         0
                text27                             483C     483C       38         0
                text26                             4628     4628       52         0
                text25                             3242     3242      19A         0
                text24                             39D4     39D4       C4         0
                text23                             3C18     3C18       B0         0
                text22                             3CC8     3CC8       AA         0
                text21                             362E     362E      106         0
                text20                             4804     4804       38         0
                text19                             1D44     1D44      4C0         0
                text18                             467A     467A       48         0
                text17                             3528     3528      106         0
                text16                             3734     3734       FE         0
                text15                             2E78     2E78      216         0
                text14                             457C     457C       58         0
                text13                             4C30     4C30        A         0
                text12                             3EC0     3EC0       96         0
                text11                             46C2     46C2       44         0
                text10                             48AC     48AC       36         0
                text9                              390E     390E       C6         0
                text8                              4468     4468       5E         0
                text7                              47CC     47CC       38         0
                text6                              4408     4408       60         0
                text5                              109C     109C      CA8         0
                text4                              3832     3832       DC         0
                text3                              2204     2204      4AE         0
                text2                              43A4     43A4       64         0
                text1                              4A18     4A18       28         0
                text0                              33DC     33DC      14C         0
                cinit                              44C6     44C6       5C         0
                idataBANK1                         4D08     4D08        2         0
                idataBANK0                         4D06     4D06        2         0

        CLASS   CONST          

        CLASS   SMALLCONST     
                smallconst                         1000     1000       9C         0

        CLASS   MEDIUMCONST    

        CLASS   COMRAM         
                temp                                 5B       5B        1         1
                cstackCOMRAM                          1        1       55         1
                bssCOMRAM                            56       56        5         1

        CLASS   ABS1           

        CLASS   BIGRAM         

        CLASS   RAM            

        CLASS   BANK0          
                cstackBANK0                          60       60       83         1
                dataBANK0                            FC       FC        2         1
                bssBANK0                             E3       E3       19         1
                nvBANK0                              FE       FE        1         1

        CLASS   BANK1          
                cstackBANK1                         1B7      1B7        6         1
                dataBANK1                           1BD      1BD        2         1
                bssBANK1                            100      100       AD         1
                nvBANK1                             1AD      1AD        A         1

        CLASS   BANK2          

        CLASS   BANK3          

        CLASS   BANK4          

        CLASS   BANK5          

        CLASS   BANK6          

        CLASS   BANK7          

        CLASS   BANK8          

        CLASS   BANK9          

        CLASS   BANK10         

        CLASS   BANK11         

        CLASS   BANK12         

        CLASS   BANK13         

        CLASS   BANK14         

        CLASS   BANK15         

        CLASS   SFR            

        CLASS   CONFIG         
                config                           300000   300000        E         4

        CLASS   IDLOC          
                idloc                            200000   200000        8         5

        CLASS   EEDATA         

        CLASS   FARRAM         



SEGMENTS        Name                           Load    Length   Top    Selector   Space  Class

                reset_vec                      000000  000004  000004         0       0  CODE    
                cstackCOMRAM                   000001  00005B  00005C         1       1  COMRAM  
                intcode                        000008  0000AC  0000B4         4       0  CODE    
                cstackBANK0                    000060  00009F  0000FF        60       1  BANK0   
                bssBANK1                       000100  0000BF  0001BF       100       1  BANK1   
                smallconst                     001000  00009C  00109C       800       0  SMALLCON
                text5                          00109C  003C72  004D0E       84E       0  CODE    


UNUSED ADDRESS RANGES

        Name                Unused          Largest block    Delta
        BANK0            0000FF-0000FF                1
        BANK1            0001BF-0001FF               41
        BANK10           000A00-000AFF              100
        BANK11           000B00-000BFF              100
        BANK12           000C00-000CFF              100
        BANK13           000D00-000DFF              100
        BANK14           000E00-000EFF              100
        BANK15           000F00-000F5F               60
        BANK2            000200-0002FF              100
        BANK3            000300-0003FF              100
        BANK4            000400-0004FF              100
        BANK5            000500-0005FF              100
        BANK6            000600-0006FF              100
        BANK7            000700-0007FF              100
        BANK8            000800-0008FF              100
        BANK9            000900-0009FF              100
        BIGRAM           00005C-00005F                4
                         0000FF-0000FF                1
                         0001BF-000F5F              DA1
        CODE             000004-000007                4
                         0000B4-000FFF              F4C
                         004D0E-00FFFF             B2F2
        COMRAM           00005C-00005F                4
        CONST            000004-000007                4
                         0000B4-000FFF              F4C
                         004D0E-00FFFF             B2F2
        EEDATA           F00000-F003FF              400
        MEDIUMCONST      004D0E-00FFFF             B2F2
        RAM              0000FF-0000FF                1
                         0001BF-000F5F              100
        SFR              000F60-000FFF               A0
        SMALLCONST       004D0E-00FFFF              100
        STACK            0001BF-000F5F              DA1

                                  Symbol Table

?_I2C_Read2ByteRegister                        cstackCOMRAM 000016
?_INA219_getBusVoltage_V                       cstackBANK0  000071
?_INA219_getBusVoltage_raw                     cstackCOMRAM 000021
?_INA219_getCurrent_mA                         cstackBANK0  000071
?_INA219_getCurrent_raw                        cstackCOMRAM 000021
?_INA219_getPower_mW                           cstackBANK0  000071
?_INA219_getPower_raw                          cstackCOMRAM 000021
?_INA219_getShuntVoltage_mV                    cstackBANK0  000071
?_INA219_getShuntVoltage_raw                   cstackCOMRAM 000021
?___awdiv                                      cstackCOMRAM 000005
?___awmod                                      cstackCOMRAM 000005
?___fladd                                      cstackCOMRAM 000005
?___fldiv                                      cstackCOMRAM 000033
?___flmul                                      cstackCOMRAM 00004C
?___flneg                                      cstackCOMRAM 000005
?___flsub                                      cstackBANK0  000071
?___fltol                                      cstackCOMRAM 000005
?___fpclassifyf                                cstackCOMRAM 000005
?___wmul                                       cstackCOMRAM 000005
?___xxtofl                                     cstackCOMRAM 000025
?_atoi                                         cstackCOMRAM 00000C
?_efgtoa                                       cstackBANK0  00007D
?_floorf                                       cstackCOMRAM 00004C
?_isdigit                                      cstackCOMRAM 000005
?_isspace                                      cstackCOMRAM 000005
?_isupper                                      cstackCOMRAM 000005
?_pad                                          cstackCOMRAM 000017
?_printf                                       cstackBANK1  0001B7
?_strlen                                       cstackCOMRAM 000005
?_strncmp                                      cstackCOMRAM 000005
?_tolower                                      cstackCOMRAM 00000B
?_vfpfcnvrt                                    cstackBANK0  0000C1
?_vfprintf                                     cstackBANK0  0000D7
EUSART_SetErrorHandler@interruptHandler        cstackCOMRAM 000005
EUSART_SetFramingErrorHandler@interruptHandler cstackCOMRAM 000005
EUSART_SetOverrunErrorHandler@interruptHandler cstackCOMRAM 000005
EUSART_SetRxInterruptHandler@interruptHandler  cstackCOMRAM 000005
EUSART_SetTxInterruptHandler@interruptHandler  cstackCOMRAM 000005
EUSART_Write@txData                            cstackCOMRAM 000005
I2C_CallbackReturnReset@funPtr                 cstackCOMRAM 00000E
I2C_Close@returnValue                          cstackCOMRAM 000005
I2C_MasterOperation@read                       cstackCOMRAM 000014
I2C_MasterOperation@returnValue                cstackCOMRAM 000015
I2C_MasterSendTxData@data                      cstackCOMRAM 000005
I2C_Open@address                               cstackCOMRAM 000005
I2C_Open@returnValue                           cstackCOMRAM 000006
I2C_Read2ByteRegister@address                  cstackCOMRAM 00001B
I2C_Read2ByteRegister@reg                      cstackCOMRAM 000016
I2C_Read2ByteRegister@returnValue              cstackCOMRAM 00001C
I2C_SetAddressNackCallback@cb                  cstackCOMRAM 00000A
I2C_SetAddressNackCallback@ptr                 cstackCOMRAM 00000C
I2C_SetBuffer@buffer                           cstackCOMRAM 000005
I2C_SetBuffer@bufferSize                       cstackCOMRAM 000007
I2C_SetCallback@cb                             cstackCOMRAM 000005
I2C_SetCallback@idx                            cstackCOMRAM 000009
I2C_SetCallback@ptr                            cstackCOMRAM 000007
I2C_SetDataCompleteCallback@cb                 cstackCOMRAM 00000A
I2C_SetDataCompleteCallback@ptr                cstackCOMRAM 00000C
I2C_WriteNBytes@address                        cstackCOMRAM 00001A
I2C_WriteNBytes@data                           cstackCOMRAM 000016
I2C_WriteNBytes@len                            cstackCOMRAM 000018
INA219_ReadRegister@address                    cstackCOMRAM 000020
INA219_ReadRegister@data                       cstackCOMRAM 00001E
INA219_WriteRegister@address                   cstackCOMRAM 00001D
INA219_WriteRegister@data                      cstackCOMRAM 00001B
INA219_WriteRegister@writeBuffer               cstackCOMRAM 00001E
INA219_getBusVoltage_V@value                   cstackBANK0  000075
INA219_getBusVoltage_raw@value                 cstackCOMRAM 000023
INA219_getCurrent_mA@valueDec                  cstackBANK0  000075
INA219_getCurrent_raw@value                    cstackCOMRAM 000023
INA219_getPower_mW@valueDec                    cstackBANK0  000075
INA219_getPower_raw@value                      cstackCOMRAM 000023
INA219_getShuntVoltage_mV@value                cstackCOMRAM 000054
INA219_getShuntVoltage_raw@value               cstackCOMRAM 000023
_ANSEL                                         (abs)        000F7E
_ANSELH                                        (abs)        000F7F
_BAUDCON                                       (abs)        000FB8
_EUSART_DefaultErrorHandler                    text110      004CD0
_EUSART_DefaultFramingErrorHandler             text109      004D0C
_EUSART_DefaultOverrunErrorHandler             text108      004CCA
_EUSART_ErrorHandler                           nvBANK1      0001AD
_EUSART_FramingErrorHandler                    nvBANK1      0001B1
_EUSART_Initialize                             text34       0041E4
_EUSART_OverrunErrorHandler                    nvBANK1      0001AF
_EUSART_Receive_ISR                            text107      003B5C
_EUSART_RxDataHandler                          text111      0049EE
_EUSART_RxDefaultInterruptHandler              nvBANK1      0001B3
_EUSART_SetErrorHandler                        text39       004C6C
_EUSART_SetFramingErrorHandler                 text38       004C62
_EUSART_SetOverrunErrorHandler                 text37       004C58
_EUSART_SetRxInterruptHandler                  text36       004C4E
_EUSART_SetTxInterruptHandler                  text35       004C44
_EUSART_Transmit_ISR                           text106      00474A
_EUSART_TxDefaultInterruptHandler              nvBANK1      0001B5
_EUSART_Write                                  text14       00457C
_I2C_CallbackReturnReset                       text87       004CE6
_I2C_CallbackReturnStop                        text88       004CEA
_I2C_Close                                     text100      0049C2
_I2C_DO_ADDRESS_NACK                           text64       00433E
_I2C_DO_IDLE                                   text78       004C24
_I2C_DO_RCEN                                   text73       004C18
_I2C_DO_RESET                                  text65       004C0C
_I2C_DO_RX                                     text74       003E1A
_I2C_DO_RX_ACK                                 text68       004C8E
_I2C_DO_RX_NACK_RESTART                        text66       004C7E
_I2C_DO_RX_NACK_STOP                           text67       004C86
_I2C_DO_SEND_ADR_READ                          text77       004BFC
_I2C_DO_SEND_ADR_WRITE                         text76       004BEC
_I2C_DO_SEND_RESTART                           text70       004C9E
_I2C_DO_SEND_RESTART_READ                      text72       004CAE
_I2C_DO_SEND_RESTART_WRITE                     text71       004CA6
_I2C_DO_SEND_STOP                              text69       004C96
_I2C_DO_TX                                     text75       003A98
_I2C_DO_TX_EMPTY                               text79       0040EE
_I2C_Initialize                                text33       004BB4
_I2C_MasterClearIrq                            text103      004D02
_I2C_MasterClose                               text102      004CFE
_I2C_MasterDisableIrq                          text101      004CFA
_I2C_MasterEnableRestart                       text98       004CF2
_I2C_MasterFsm                                 text63       0042CE
_I2C_MasterGetRxData                           text84       004CDE
_I2C_MasterIsNack                              text81       004BC8
_I2C_MasterOpen                                text58       004AB0
_I2C_MasterOperation                           text60       004706
_I2C_MasterSendAck                             text83       004CBE
_I2C_MasterSendNack                            text85       004CC4
_I2C_MasterSendTxData                          text82       004CB6
_I2C_MasterSetIrq                              text80       004CDA
_I2C_MasterStart                               text99       004CF6
_I2C_MasterStartRx                             text86       004CE2
_I2C_MasterStop                                text97       004CEE
_I2C_MasterWaitForEvent                        text62       004BDC
_I2C_MasterWrite                               text59       004C76
_I2C_Open                                      text57       003F56
_I2C_Poller                                    text61       004AF0
_I2C_Read2ByteRegister                         text55       003FE4
_I2C_SetAddressNackCallback                    text56       004B6E
_I2C_SetBuffer                                 text96       004A8C
_I2C_SetCallback                               text95       00416A
_I2C_SetDataCompleteCallback                   text94       004B86
_I2C_Status                                    bssBANK1     000100
_I2C_WriteNBytes                               text46       004522
_INA219_Initialize                             text104      004D0A
_INA219_ReadRegister                           text54       004AD2
_INA219_WriteRegister                          text45       004A66
_INA219_getBusVoltage_V                        text50       00425A
_INA219_getBusVoltage_raw                      text53       004B56
_INA219_getCurrent_mA                          text47       003D72
_INA219_getCurrent_raw                         text49       004B3E
_INA219_getPower_mW                            text43       00406A
_INA219_getPower_raw                           text44       004B26
_INA219_getShuntVoltage_mV                     text41       0045D4
_INA219_getShuntVoltage_raw                    text42       004B0E
_INA219_setCalibration_32V_2A                  text40       004874
_INTCON2bits                                   (abs)        000FF1
_INTCONbits                                    (abs)        000FF2
_INTERRUPT_Initialize                          text32       004CD6
_INTERRUPT_InterruptManager                    intcode      000008
_LATA                                          (abs)        000F89
_LATB                                          (abs)        000F8A
_LATC                                          (abs)        000F8B
_LATD                                          (abs)        000F8C
_LATE                                          (abs)        000F8D
_OSCCON                                        (abs)        000FD3
_OSCILLATOR_Initialize                         text31       004C3A
_OSCTUNE                                       (abs)        000F9B
_PIE1bits                                      (abs)        000F9D
_PIN_MANAGER_Initialize                        text30       0048E2
_PIR1bits                                      (abs)        000F9E
_PIR2bits                                      (abs)        000FA1
_RCONbits                                      (abs)        000FD0
_RCREG                                         (abs)        000FAE
_RCSTA                                         (abs)        000FAB
_RCSTAbits                                     (abs)        000FAB
_SPBRG                                         (abs)        000FAF
_SPBRGH                                        (abs)        000FB0
_SSPADD                                        (abs)        000FC8
_SSPBUF                                        (abs)        000FC9
_SSPCON1                                       (abs)        000FC6
_SSPCON1bits                                   (abs)        000FC6
_SSPCON2                                       (abs)        000FC5
_SSPCON2bits                                   (abs)        000FC5
_SSPSTAT                                       (abs)        000FC7
_SSPSTATbits                                   (abs)        000FC7
_SYSTEM_Initialize                             text29       004B9E
_TRISA                                         (abs)        000F92
_TRISB                                         (abs)        000F93
_TRISC                                         (abs)        000F94
_TRISD                                         (abs)        000F95
_TRISE                                         (abs)        000F96
_TXREG                                         (abs)        000FAD
_TXSTA                                         (abs)        000FAC
_TXSTAbits                                     (abs)        000FAC
_WPUB                                          (abs)        000F7C
__HRAM                                         (abs)        000000
__Habs1                                        abs1         000000
__Hbank0                                       bank0        000000
__Hbank1                                       bank1        000000
__Hbank10                                      bank10       000000
__Hbank11                                      bank11       000000
__Hbank12                                      bank12       000000
__Hbank13                                      bank13       000000
__Hbank14                                      bank14       000000
__Hbank15                                      bank15       000000
__Hbank2                                       bank2        000000
__Hbank3                                       bank3        000000
__Hbank4                                       bank4        000000
__Hbank5                                       bank5        000000
__Hbank6                                       bank6        000000
__Hbank7                                       bank7        000000
__Hbank8                                       bank8        000000
__Hbank9                                       bank9        000000
__Hbigbss                                      bigbss       000000
__Hbigdata                                     bigdata      000000
__Hbigram                                      bigram       000000
__Hbss                                         bss          000000
__HbssBANK0                                    bssBANK0     000000
__HbssBANK1                                    bssBANK1     000000
__HbssCOMRAM                                   bssCOMRAM    000000
__Hcinit                                       cinit        000000
__Hclrtext                                     clrtext      000000
__Hcomram                                      comram       000000
__Hconfig                                      config       30000E
__Hconst                                       const        000000
__HcstackBANK0                                 cstackBANK0  000000
__HcstackBANK1                                 cstackBANK1  000000
__HcstackCOMRAM                                cstackCOMRAM 000000
__Hdata                                        data         000000
__HdataBANK0                                   dataBANK0    000000
__HdataBANK1                                   dataBANK1    000000
__Heeprom_data                                 eeprom_data  000000
__Hfarbss                                      farbss       000000
__Hfardata                                     fardata      000000
__Hibigdata                                    ibigdata     000000
__Hidata                                       idata        000000
__HidataBANK0                                  idataBANK0   000000
__HidataBANK1                                  idataBANK1   000000
__Hidloc                                       idloc        200008
__Hifardata                                    ifardata     000000
__Hinit                                        init         0000B4
__Hintcode                                     intcode      0000B0
__Hintcode_body                                intcode_body 000000
__Hintcodelo                                   intcodelo    0000B0
__Hintentry                                    intentry     000000
__Hintret                                      intret       000000
__Hintsave_regs                                intsave_regs 000000
__Hirdata                                      irdata       000000
__Hmediumconst                                 mediumconst  000000
__HnvBANK0                                     nvBANK0      000000
__HnvBANK1                                     nvBANK1      000000
__HnvFARRAM                                    nvFARRAM     000000
__Hnvbit                                       nvbit        000000
__Hnvrram                                      nvrram       000000
__Hparam                                       rparam       000000
__Hpowerup                                     powerup      0000B0
__Hram                                         ram          000000
__Hramtop                                      ramtop       001000
__Hrbit                                        rbit         000000
__Hrbss                                        rbss         000000
__Hrdata                                       rdata        000000
__Hreset_vec                                   reset_vec    000004
__Hrparam                                      rparam       000000
__Hsfr                                         sfr          000000
__Hsmallconst                                  smallconst   00109C
__Hspace_0                                     (abs)        004D0E
__Hspace_1                                     (abs)        0001BF
__Hspace_2                                     (abs)        000000
__Hspace_4                                     (abs)        60000E
__Hstack                                       stack        000000
__Hstruct                                      struct       000000
__Htemp                                        temp         00005C
__Htext                                        text         000000
__Htext0                                       text0        000000
__Htext1                                       text1        000000
__Htext10                                      text10       000000
__Htext100                                     text100      000000
__Htext101                                     text101      000000
__Htext102                                     text102      000000
__Htext103                                     text103      000000
__Htext104                                     text104      000000
__Htext106                                     text106      000000
__Htext107                                     text107      000000
__Htext108                                     text108      000000
__Htext109                                     text109      000000
__Htext11                                      text11       000000
__Htext110                                     text110      000000
__Htext111                                     text111      000000
__Htext112                                     text112      000000
__Htext12                                      text12       000000
__Htext13                                      text13       000000
__Htext14                                      text14       000000
__Htext15                                      text15       000000
__Htext16                                      text16       000000
__Htext17                                      text17       000000
__Htext18                                      text18       000000
__Htext19                                      text19       000000
__Htext2                                       text2        000000
__Htext20                                      text20       000000
__Htext21                                      text21       000000
__Htext22                                      text22       000000
__Htext23                                      text23       000000
__Htext24                                      text24       000000
__Htext25                                      text25       000000
__Htext26                                      text26       000000
__Htext27                                      text27       000000
__Htext28                                      text28       000000
__Htext29                                      text29       000000
__Htext3                                       text3        000000
__Htext30                                      text30       000000
__Htext31                                      text31       000000
__Htext32                                      text32       000000
__Htext33                                      text33       000000
__Htext34                                      text34       000000
__Htext35                                      text35       000000
__Htext36                                      text36       000000
__Htext37                                      text37       000000
__Htext38                                      text38       000000
__Htext39                                      text39       000000
__Htext4                                       text4        000000
__Htext40                                      text40       000000
__Htext41                                      text41       000000
__Htext42                                      text42       000000
__Htext43                                      text43       000000
__Htext44                                      text44       000000
__Htext45                                      text45       000000
__Htext46                                      text46       000000
__Htext47                                      text47       000000
__Htext48                                      text48       000000
__Htext49                                      text49       000000
__Htext5                                       text5        000000
__Htext50                                      text50       000000
__Htext51                                      text51       000000
__Htext52                                      text52       000000
__Htext53                                      text53       000000
__Htext54                                      text54       000000
__Htext55                                      text55       000000
__Htext56                                      text56       000000
__Htext57                                      text57       000000
__Htext58                                      text58       000000
__Htext59                                      text59       000000
__Htext6                                       text6        000000
__Htext60                                      text60       000000
__Htext61                                      text61       000000
__Htext62                                      text62       000000
__Htext63                                      text63       000000
__Htext64                                      text64       000000
__Htext65                                      text65       000000
__Htext66                                      text66       000000
__Htext67                                      text67       000000
__Htext68                                      text68       000000
__Htext69                                      text69       000000
__Htext7                                       text7        000000
__Htext70                                      text70       000000
__Htext71                                      text71       000000
__Htext72                                      text72       000000
__Htext73                                      text73       000000
__Htext74                                      text74       000000
__Htext75                                      text75       000000
__Htext76                                      text76       000000
__Htext77                                      text77       000000
__Htext78                                      text78       000000
__Htext79                                      text79       000000
__Htext8                                       text8        000000
__Htext80                                      text80       000000
__Htext81                                      text81       000000
__Htext82                                      text82       000000
__Htext83                                      text83       000000
__Htext84                                      text84       000000
__Htext85                                      text85       000000
__Htext86                                      text86       000000
__Htext87                                      text87       000000
__Htext88                                      text88       000000
__Htext89                                      text89       000000
__Htext9                                       text9        000000
__Htext90                                      text90       000000
__Htext91                                      text91       000000
__Htext92                                      text92       000000
__Htext93                                      text93       000000
__Htext94                                      text94       000000
__Htext95                                      text95       000000
__Htext96                                      text96       000000
__Htext97                                      text97       000000
__Htext98                                      text98       000000
__Htext99                                      text99       000000
__LRAM                                         (abs)        000001
__Labs1                                        abs1         000000
__Lbank0                                       bank0        000000
__Lbank1                                       bank1        000000
__Lbank10                                      bank10       000000
__Lbank11                                      bank11       000000
__Lbank12                                      bank12       000000
__Lbank13                                      bank13       000000
__Lbank14                                      bank14       000000
__Lbank15                                      bank15       000000
__Lbank2                                       bank2        000000
__Lbank3                                       bank3        000000
__Lbank4                                       bank4        000000
__Lbank5                                       bank5        000000
__Lbank6                                       bank6        000000
__Lbank7                                       bank7        000000
__Lbank8                                       bank8        000000
__Lbank9                                       bank9        000000
__Lbigbss                                      bigbss       000000
__Lbigdata                                     bigdata      000000
__Lbigram                                      bigram       000000
__Lbss                                         bss          000000
__LbssBANK0                                    bssBANK0     000000
__LbssBANK1                                    bssBANK1     000000
__LbssCOMRAM                                   bssCOMRAM    000000
__Lcinit                                       cinit        000000
__Lclrtext                                     clrtext      000000
__Lcomram                                      comram       000000
__Lconfig                                      config       000000
__Lconst                                       const        000000
__LcstackBANK0                                 cstackBANK0  000000
__LcstackBANK1                                 cstackBANK1  000000
__LcstackCOMRAM                                cstackCOMRAM 000000
__Ldata                                        data         000000
__LdataBANK0                                   dataBANK0    000000
__LdataBANK1                                   dataBANK1    000000
__Leeprom_data                                 eeprom_data  000000
__Lfarbss                                      farbss       000000
__Lfardata                                     fardata      000000
__Libigdata                                    ibigdata     000000
__Lidata                                       idata        000000
__LidataBANK0                                  idataBANK0   000000
__LidataBANK1                                  idataBANK1   000000
__Lidloc                                       idloc        000000
__Lifardata                                    ifardata     000000
__Linit                                        init         0000B0
__Lintcode                                     intcode      000008
__Lintcode_body                                intcode_body 000000
__Lintcodelo                                   intcodelo    0000B0
__Lintentry                                    intentry     000000
__Lintret                                      intret       000000
__Lintsave_regs                                intsave_regs 000000
__Lirdata                                      irdata       000000
__Lmediumconst                                 mediumconst  000000
__LnvBANK0                                     nvBANK0      000000
__LnvBANK1                                     nvBANK1      000000
__LnvFARRAM                                    nvFARRAM     000000
__Lnvbit                                       nvbit        000000
__Lnvrram                                      nvrram       000000
__Lparam                                       rparam       000000
__Lpowerup                                     powerup      0000B0
__Lram                                         ram          000000
__Lramtop                                      ramtop       001000
__Lrbit                                        rbit         000000
__Lrbss                                        rbss         000000
__Lrdata                                       rdata        000000
__Lreset_vec                                   reset_vec    000000
__Lrparam                                      rparam       000000
__Lsfr                                         sfr          000000
__Lsmallconst                                  smallconst   001000
__Lspace_0                                     (abs)        000000
__Lspace_1                                     (abs)        000000
__Lspace_2                                     (abs)        000000
__Lspace_4                                     (abs)        000000
__Lstack                                       stack        000000
__Lstruct                                      struct       000000
__Ltemp                                        temp         00005B
__Ltext                                        text         000000
__Ltext0                                       text0        000000
__Ltext1                                       text1        000000
__Ltext10                                      text10       000000
__Ltext100                                     text100      000000
__Ltext101                                     text101      000000
__Ltext102                                     text102      000000
__Ltext103                                     text103      000000
__Ltext104                                     text104      000000
__Ltext106                                     text106      000000
__Ltext107                                     text107      000000
__Ltext108                                     text108      000000
__Ltext109                                     text109      000000
__Ltext11                                      text11       000000
__Ltext110                                     text110      000000
__Ltext111                                     text111      000000
__Ltext112                                     text112      000000
__Ltext12                                      text12       000000
__Ltext13                                      text13       000000
__Ltext14                                      text14       000000
__Ltext15                                      text15       000000
__Ltext16                                      text16       000000
__Ltext17                                      text17       000000
__Ltext18                                      text18       000000
__Ltext19                                      text19       000000
__Ltext2                                       text2        000000
__Ltext20                                      text20       000000
__Ltext21                                      text21       000000
__Ltext22                                      text22       000000
__Ltext23                                      text23       000000
__Ltext24                                      text24       000000
__Ltext25                                      text25       000000
__Ltext26                                      text26       000000
__Ltext27                                      text27       000000
__Ltext28                                      text28       000000
__Ltext29                                      text29       000000
__Ltext3                                       text3        000000
__Ltext30                                      text30       000000
__Ltext31                                      text31       000000
__Ltext32                                      text32       000000
__Ltext33                                      text33       000000
__Ltext34                                      text34       000000
__Ltext35                                      text35       000000
__Ltext36                                      text36       000000
__Ltext37                                      text37       000000
__Ltext38                                      text38       000000
__Ltext39                                      text39       000000
__Ltext4                                       text4        000000
__Ltext40                                      text40       000000
__Ltext41                                      text41       000000
__Ltext42                                      text42       000000
__Ltext43                                      text43       000000
__Ltext44                                      text44       000000
__Ltext45                                      text45       000000
__Ltext46                                      text46       000000
__Ltext47                                      text47       000000
__Ltext48                                      text48       000000
__Ltext49                                      text49       000000
__Ltext5                                       text5        000000
__Ltext50                                      text50       000000
__Ltext51                                      text51       000000
__Ltext52                                      text52       000000
__Ltext53                                      text53       000000
__Ltext54                                      text54       000000
__Ltext55                                      text55       000000
__Ltext56                                      text56       000000
__Ltext57                                      text57       000000
__Ltext58                                      text58       000000
__Ltext59                                      text59       000000
__Ltext6                                       text6        000000
__Ltext60                                      text60       000000
__Ltext61                                      text61       000000
__Ltext62                                      text62       000000
__Ltext63                                      text63       000000
__Ltext64                                      text64       000000
__Ltext65                                      text65       000000
__Ltext66                                      text66       000000
__Ltext67                                      text67       000000
__Ltext68                                      text68       000000
__Ltext69                                      text69       000000
__Ltext7                                       text7        000000
__Ltext70                                      text70       000000
__Ltext71                                      text71       000000
__Ltext72                                      text72       000000
__Ltext73                                      text73       000000
__Ltext74                                      text74       000000
__Ltext75                                      text75       000000
__Ltext76                                      text76       000000
__Ltext77                                      text77       000000
__Ltext78                                      text78       000000
__Ltext79                                      text79       000000
__Ltext8                                       text8        000000
__Ltext80                                      text80       000000
__Ltext81                                      text81       000000
__Ltext82                                      text82       000000
__Ltext83                                      text83       000000
__Ltext84                                      text84       000000
__Ltext85                                      text85       000000
__Ltext86                                      text86       000000
__Ltext87                                      text87       000000
__Ltext88                                      text88       000000
__Ltext89                                      text89       000000
__Ltext9                                       text9        000000
__Ltext90                                      text90       000000
__Ltext91                                      text91       000000
__Ltext92                                      text92       000000
__Ltext93                                      text93       000000
__Ltext94                                      text94       000000
__Ltext95                                      text95       000000
__Ltext96                                      text96       000000
__Ltext97                                      text97       000000
__Ltext98                                      text98       000000
__Ltext99                                      text99       000000
__S0                                           (abs)        004D0E
__S1                                           (abs)        0001BF
__S2                                           (abs)        000000
__S4                                           (abs)        000000
__S5                                           (abs)        000000
___awdiv                                       text24       0039D4
___awdiv@counter                               cstackCOMRAM 000009
___awdiv@dividend                              cstackCOMRAM 000005
___awdiv@divisor                               cstackCOMRAM 000007
___awdiv@quotient                              cstackCOMRAM 00000B
___awdiv@sign                                  cstackCOMRAM 00000A
___awmod                                       text23       003C18
___awmod@counter                               cstackCOMRAM 000009
___awmod@dividend                              cstackCOMRAM 000005
___awmod@divisor                               cstackCOMRAM 000007
___awmod@sign                                  cstackCOMRAM 00000A
___fladd                                       text19       001D44
___fladd@a                                     cstackCOMRAM 000009
___fladd@aexp                                  cstackCOMRAM 000012
___fladd@b                                     cstackCOMRAM 000005
___fladd@bexp                                  cstackCOMRAM 000013
___fladd@grs                                   cstackCOMRAM 000014
___fladd@signs                                 cstackCOMRAM 000011
___fldiv                                       text48       002ADE
___fldiv@a                                     cstackCOMRAM 000037
___fldiv@aexp                                  cstackCOMRAM 00004B
___fldiv@b                                     cstackCOMRAM 000033
___fldiv@bexp                                  cstackCOMRAM 00004A
___fldiv@grs                                   cstackCOMRAM 000046
___fldiv@new_exp                               cstackCOMRAM 000044
___fldiv@rem                                   cstackCOMRAM 00003F
___fldiv@sign                                  cstackCOMRAM 000043
___fleq                                        text22       003CC8
___fleq@ff1                                    cstackCOMRAM 000005
___fleq@ff2                                    cstackCOMRAM 000009
___flge                                        text21       00362E
___flge@ff1                                    cstackBANK0  000071
___flge@ff2                                    cstackBANK0  000075
___flmul                                       text52       0026B2
___flmul@a                                     cstackCOMRAM 000050
___flmul@aexp                                  cstackBANK0  000065
___flmul@b                                     cstackCOMRAM 00004C
___flmul@bexp                                  cstackBANK0  00006A
___flmul@grs                                   cstackBANK0  000066
___flmul@prod                                  cstackBANK0  00006B
___flmul@sign                                  cstackBANK0  000064
___flmul@temp                                  cstackBANK0  00006F
___flneg                                       text20       004804
___flneg@f1                                    cstackCOMRAM 000005
___flsub                                       text18       00467A
___flsub@a                                     cstackBANK0  000075
___flsub@b                                     cstackBANK0  000071
___fltol                                       text17       003528
___fltol@exp1                                  cstackCOMRAM 00000E
___fltol@f1                                    cstackCOMRAM 000005
___fltol@sign1                                 cstackCOMRAM 00000D
___fpclassifyf                                 text16       003734
___fpclassifyf@F465                            bssBANK1     00014A
___fpclassifyf@e                               cstackCOMRAM 00000D
___fpclassifyf@u                               cstackCOMRAM 00000F
___fpclassifyf@x                               cstackCOMRAM 000005
___inthi_sp                                    stack        000000
___intlo_sp                                    stack        000000
___param_bank                                  (abs)        000000
___rparam_used                                 (abs)        000001
___sp                                          stack        000000
___wmul                                        text28       004A40
___wmul@multiplicand                           cstackCOMRAM 000007
___wmul@multiplier                             cstackCOMRAM 000005
___wmul@product                                cstackCOMRAM 000009
___xxtofl                                      text51       00308E
___xxtofl@arg                                  cstackCOMRAM 00002F
___xxtofl@exp                                  cstackCOMRAM 00002E
___xxtofl@sign                                 cstackCOMRAM 00002D
___xxtofl@val                                  cstackCOMRAM 000025
__accesstop                                    (abs)        000060
__activetblptr                                 (abs)        000003
__end_of_EUSART_DefaultErrorHandler            text110      004CD6
__end_of_EUSART_DefaultFramingErrorHandler     text109      004D0E
__end_of_EUSART_DefaultOverrunErrorHandler     text108      004CD0
__end_of_EUSART_Initialize                     text34       00425A
__end_of_EUSART_Receive_ISR                    text107      003C18
__end_of_EUSART_RxDataHandler                  text111      004A18
__end_of_EUSART_SetErrorHandler                text39       004C76
__end_of_EUSART_SetFramingErrorHandler         text38       004C6C
__end_of_EUSART_SetOverrunErrorHandler         text37       004C62
__end_of_EUSART_SetRxInterruptHandler          text36       004C58
__end_of_EUSART_SetTxInterruptHandler          text35       004C4E
__end_of_EUSART_Transmit_ISR                   text106      00478C
__end_of_EUSART_Write                          text14       0045D4
__end_of_I2C_CallbackReturnReset               text87       004CEA
__end_of_I2C_CallbackReturnStop                text88       004CEE
__end_of_I2C_Close                             text100      0049EE
__end_of_I2C_DO_ADDRESS_NACK                   text64       0043A4
__end_of_I2C_DO_IDLE                           text78       004C30
__end_of_I2C_DO_RCEN                           text73       004C24
__end_of_I2C_DO_RESET                          text65       004C18
__end_of_I2C_DO_RX                             text74       003EC0
__end_of_I2C_DO_RX_ACK                         text68       004C96
__end_of_I2C_DO_RX_NACK_RESTART                text66       004C86
__end_of_I2C_DO_RX_NACK_STOP                   text67       004C8E
__end_of_I2C_DO_SEND_ADR_READ                  text77       004C0C
__end_of_I2C_DO_SEND_ADR_WRITE                 text76       004BFC
__end_of_I2C_DO_SEND_RESTART                   text70       004CA6
__end_of_I2C_DO_SEND_RESTART_READ              text72       004CB6
__end_of_I2C_DO_SEND_RESTART_WRITE             text71       004CAE
__end_of_I2C_DO_SEND_STOP                      text69       004C9E
__end_of_I2C_DO_TX                             text75       003B5C
__end_of_I2C_DO_TX_EMPTY                       text79       00416A
__end_of_I2C_Initialize                        text33       004BC8
__end_of_I2C_MasterClearIrq                    text103      004D06
__end_of_I2C_MasterClose                       text102      004D02
__end_of_I2C_MasterDisableIrq                  text101      004CFE
__end_of_I2C_MasterEnableRestart               text98       004CF6
__end_of_I2C_MasterFsm                         text63       00433E
__end_of_I2C_MasterGetRxData                   text84       004CE2
__end_of_I2C_MasterIsNack                      text81       004BDC
__end_of_I2C_MasterOpen                        text58       004AD2
__end_of_I2C_MasterOperation                   text60       00474A
__end_of_I2C_MasterSendAck                     text83       004CC4
__end_of_I2C_MasterSendNack                    text85       004CCA
__end_of_I2C_MasterSendTxData                  text82       004CBE
__end_of_I2C_MasterSetIrq                      text80       004CDE
__end_of_I2C_MasterStart                       text99       004CFA
__end_of_I2C_MasterStartRx                     text86       004CE6
__end_of_I2C_MasterStop                        text97       004CF2
__end_of_I2C_MasterWaitForEvent                text62       004BEC
__end_of_I2C_MasterWrite                       text59       004C7E
__end_of_I2C_Open                              text57       003FE4
__end_of_I2C_Poller                            text61       004B0E
__end_of_I2C_Read2ByteRegister                 text55       00406A
__end_of_I2C_SetAddressNackCallback            text56       004B86
__end_of_I2C_SetBuffer                         text96       004AB0
__end_of_I2C_SetCallback                       text95       0041E4
__end_of_I2C_SetDataCompleteCallback           text94       004B9E
__end_of_I2C_WriteNBytes                       text46       00457C
__end_of_INA219_Initialize                     text104      004D0C
__end_of_INA219_ReadRegister                   text54       004AF0
__end_of_INA219_WriteRegister                  text45       004A8C
__end_of_INA219_getBusVoltage_V                text50       0042CE
__end_of_INA219_getBusVoltage_raw              text53       004B6E
__end_of_INA219_getCurrent_mA                  text47       003E1A
__end_of_INA219_getCurrent_raw                 text49       004B56
__end_of_INA219_getPower_mW                    text43       0040EE
__end_of_INA219_getPower_raw                   text44       004B3E
__end_of_INA219_getShuntVoltage_mV             text41       004628
__end_of_INA219_getShuntVoltage_raw            text42       004B26
__end_of_INA219_setCalibration_32V_2A          text40       0048AC
__end_of_INTERRUPT_Initialize                  text32       004CDA
__end_of_INTERRUPT_InterruptManager            intcode      0000B0
__end_of_OSCILLATOR_Initialize                 text31       004C44
__end_of_PIN_MANAGER_Initialize                text30       004912
__end_of_SYSTEM_Initialize                     text29       004BB4
__end_of___awdiv                               text24       003A98
__end_of___awmod                               text23       003CC8
__end_of___fladd                               text19       002204
__end_of___fldiv                               text48       002E78
__end_of___fleq                                text22       003D72
__end_of___flge                                text21       003734
__end_of___flmul                               text52       002ADE
__end_of___flneg                               text20       00483C
__end_of___flsub                               text18       0046C2
__end_of___fltol                               text17       00362E
__end_of___fpclassifyf                         text16       003832
__end_of___wmul                                text28       004A66
__end_of___xxtofl                              text51       003242
__end_of__initialization                       cinit        004518
__end_of_atoi                                  text25       0033DC
__end_of_efgtoa                                text5        001D44
__end_of_floorf                                text15       00308E
__end_of_fputc                                 text12       003F56
[...]
_eusartRxStatusBuffer                          bssBANK1     00012E
_eusartRxTail                                  bssCOMRAM    000057
_eusartTxBuffer                                bssBANK1     00013E
_eusartTxBufferRemaining                       nvBANK0      0000FE
_eusartTxHead                                  bssCOMRAM    00005A
_eusartTxTail                                  bssCOMRAM    000059
_flags                                         bssBANK0     0000ED
_floorf                                        text15       002E78
_fputc                                         text12       003EC0
_fputs                                         text11       0046C2
_fsmStateTable                                 smallconst   001001
_ina219_calibrationValue@ina219$F1585          bssBANK0     0000F3
_ina219_currentDivider_mA@ina219$F1586         bssBANK0     0000F1
_ina219_powerMultiplier_mW@ina219$F1587        bssBANK0     0000EF
_isdigit                                       text27       00483C
_isspace                                       text26       004628
_isspace$2277                                  cstackCOMRAM 00000B
_isupper                                       text7        0047CC
_main                                          text0        0033DC
_nout                                          bssBANK0     0000E7
_pad                                           text9        00390E
_power_mW                                      bssBANK1     00014E
_prec                                          bssBANK0     0000EB
_printf                                        text1        004A18
_putch                                         text13       004C30
_rd1RegCompleteHandler                         text92       00496A
_rd2RegCompleteHandler                         text91       00493E
_rdBlkRegCompleteHandler                       text89       00478C
_readBuffer                                    bssBANK1     000124
_shunt_mV                                      bssBANK1     000156
_strcpy                                        text8        004468
_strlen                                        text10       0048AC
_strncmp                                       text4        003832
_tolower                                       text6        004408
_tolower$2335                                  cstackCOMRAM 000011
_vfpfcnvrt                                     text3        002204
_vfpfcnvrt$2208                                cstackBANK0  0000CB
_vfpfcnvrt$2212                                cstackBANK0  0000CD
_vfprintf                                      text2        0043A4
_width                                         bssBANK0     0000E9
_wr1RegCompleteHandler                         text90       004912
_wr2RegCompleteHandler                         text93       004996
_writeBuffer                                   bssBANK1     00015A
atoi@n                                         cstackCOMRAM 000019
atoi@neg                                       cstackCOMRAM 000012
atoi@s                                         cstackCOMRAM 00000C
btemp                                          temp         00005B
efgtoa@c                                       cstackBANK0  000083
efgtoa@d                                       cstackBANK0  0000A1
efgtoa@e                                       cstackBANK0  0000B9
efgtoa@f                                       cstackBANK0  00007F
efgtoa@fp                                      cstackBANK0  00007D
efgtoa@g                                       cstackBANK0  0000B5
efgtoa@h                                       cstackBANK0  0000AB
efgtoa@i                                       cstackBANK0  0000B3
efgtoa@l                                       cstackBANK0  0000AF
efgtoa@m                                       cstackBANK0  00009B
efgtoa@mode                                    cstackBANK0  0000AA
efgtoa@n                                       cstackBANK0  0000BB
efgtoa@ne                                      cstackBANK0  000099
efgtoa@nmode                                   cstackBANK0  0000A9
efgtoa@ou                                      cstackBANK0  00009D
efgtoa@p                                       cstackBANK0  0000A5
efgtoa@pp                                      cstackBANK0  000097
efgtoa@sign                                    cstackBANK0  0000A3
efgtoa@t                                       cstackBANK0  000095
efgtoa@u                                       cstackBANK0  0000BD
efgtoa@w                                       cstackBANK0  0000A7
end_of_initialization                          cinit        004518
floorf@F527                                    bssBANK1     000146
floorf@e                                       cstackBANK0  000064
floorf@m                                       cstackBANK0  000060
floorf@u                                       cstackBANK0  000066
floorf@x                                       cstackCOMRAM 00004C
fputc@c                                        cstackCOMRAM 000007
fputc@fp                                       cstackCOMRAM 000009
fputs@c                                        cstackCOMRAM 000014
fputs@fp                                       cstackCOMRAM 000012
fputs@i                                        cstackCOMRAM 000015
fputs@s                                        cstackCOMRAM 000010
int$flags                                      temp         00005B
intlevel0                                      text         000000
intlevel1                                      text         000000
intlevel2                                      text         000000
intlevel3                                      text         000000
isa$std                                        (abs)        000001
isa$xinst                                      (abs)        000000
isdigit@c                                      cstackCOMRAM 000005
isspace@c                                      cstackCOMRAM 000005
isupper@c                                      cstackCOMRAM 000005
pad@buf                                        cstackCOMRAM 000019
pad@fp                                         cstackCOMRAM 000017
pad@i                                          cstackCOMRAM 00001E
pad@p                                          cstackCOMRAM 00001B
pad@w                                          cstackCOMRAM 000020
printf@ap                                      cstackBANK0  0000DF
printf@fmt                                     cstackBANK1  0001B7
putch@txData                                   cstackCOMRAM 000006
rd1RegCompleteHandler@ptr                      cstackCOMRAM 00000E
rd2RegCompleteHandler@ptr                      cstackCOMRAM 00000E
rdBlkRegCompleteHandler@ptr                    cstackCOMRAM 00000E
stackhi                                        (abs)        000F5F
stacklo                                        (abs)        0001BF
start                                          init         0000B0
start_initialization                           cinit        0044C6
strcpy@d                                       cstackCOMRAM 00000D
strcpy@dest                                    cstackCOMRAM 000005
strcpy@s                                       cstackCOMRAM 00000B
strcpy@src                                     cstackCOMRAM 000007
strlen@a                                       cstackCOMRAM 000007
strlen@s                                       cstackCOMRAM 000005
strncmp@_l                                     cstackCOMRAM 000005
strncmp@_r                                     cstackCOMRAM 000007
strncmp@l                                      cstackCOMRAM 00000C
strncmp@n                                      cstackCOMRAM 000009
strncmp@r                                      cstackCOMRAM 00000E
tolower@c                                      cstackCOMRAM 00000B
ttemp5                                         temp         00005C
ttemp6                                         temp         00005F
ttemp7                                         temp         000063
vfpfcnvrt@ap                                   cstackBANK0  0000C5
vfpfcnvrt@c                                    cstackBANK0  0000D6
vfpfcnvrt@ct                                   cstackBANK0  0000D3
vfpfcnvrt@f                                    cstackBANK0  0000CF
vfpfcnvrt@fmt                                  cstackBANK0  0000C3
vfpfcnvrt@fp                                   cstackBANK0  0000C1
vfprintf@ap                                    cstackBANK0  0000DB
vfprintf@cfmt                                  cstackBANK0  0000DD
vfprintf@fmt                                   cstackBANK0  0000D9
vfprintf@fp                                    cstackBANK0  0000D7
wr1RegCompleteHandler@ptr                      cstackCOMRAM 00000E
wr2RegCompleteHandler@ptr                      cstackCOMRAM 00000E
wtemp8                                         temp         00005C


MODULE INFORMATION

Module		Function		Class		Link	Load	Size
C:\Program Files\Microchip\xc8\v2.32\pic\sources\c99\common\awdiv.c
		___awdiv       		CODE           	39D4	0000	196

C:\Program Files\Microchip\xc8\v2.32\pic\sources\c99\common\awdiv.c estimated size: 196

C:\Program Files\Microchip\xc8\v2.32\pic\sources\c99\common\isdigit.c
		_isdigit       		CODE           	483C	0000	56

C:\Program Files\Microchip\xc8\v2.32\pic\sources\c99\common\isdigit.c estimated size: 56

C:\Program Files\Microchip\xc8\v2.32\pic\sources\c99\common\sprcadd.c
		___flsub       		CODE           	467A	0000	72
		___fladd       		CODE           	1D44	0000	1216

C:\Program Files\Microchip\xc8\v2.32\pic\sources\c99\common\sprcadd.c estimated size: 1288

C:\Program Files\Microchip\xc8\v2.32\pic\sources\c99\common\doprnt.c
		_vfpfcnvrt     		CODE           	2204	0000	1198
		_efgtoa        		CODE           	109C	0000	3240
		_pad           		CODE           	390E	0000	198
		_vfprintf      		CODE           	43A4	0000	100

C:\Program Files\Microchip\xc8\v2.32\pic\sources\c99\common\doprnt.c estimated size: 4736

C:\Program Files\Microchip\xc8\v2.32\pic\sources\c99\common\flneg.c
		___flneg       		CODE           	4804	0000	56

C:\Program Files\Microchip\xc8\v2.32\pic\sources\c99\common\flneg.c estimated size: 56

mcc_generated_files/interrupt_manager.c
		_INTERRUPT_Initialize		CODE           	4CD6	0000	4
		_INTERRUPT_InterruptManager		CODE           	0008	0000	168

mcc_generated_files/interrupt_manager.c estimated size: 172

ina219.c
		_INA219_getPower_mW		CODE           	406A	0000	132
		_INA219_getCurrent_raw		CODE           	4B3E	0000	24
		_INA219_Initialize		CODE           	4D0A	0000	2
		_INA219_setCalibration_32V_2A		CODE           	4874	0000	56
		_INA219_ReadRegister		CODE           	4AD2	0000	30
		_INA219_getBusVoltage_V		CODE           	425A	0000	116
		_INA219_getPower_raw		CODE           	4B26	0000	24
		_INA219_getCurrent_mA		CODE           	3D72	0000	168
		_INA219_getShuntVoltage_mV		CODE           	45D4	0000	84
		_INA219_getShuntVoltage_raw		CODE           	4B0E	0000	24
		_INA219_getBusVoltage_raw		CODE           	4B56	0000	24
		_INA219_WriteRegister		CODE           	4A66	0000	38

ina219.c estimated size: 722

mcc_generated_files/examples/i2c_master_example.c
		_wr1RegCompleteHandler		CODE           	4912	0000	44
		_wr2RegCompleteHandler		CODE           	4996	0000	44
		_I2C_Read2ByteRegister		CODE           	3FE4	0000	134
		_rdBlkRegCompleteHandler		CODE           	478C	0000	64
		_rd1RegCompleteHandler		CODE           	496A	0000	44
		_rd2RegCompleteHandler		CODE           	493E	0000	44
		_I2C_WriteNBytes		CODE           	4522	0000	90

mcc_generated_files/examples/i2c_master_example.c estimated size: 464

mcc_generated_files/pin_manager.c
		_PIN_MANAGER_Initialize		CODE           	48E2	0000	48

mcc_generated_files/pin_manager.c estimated size: 48

C:\Program Files\Microchip\xc8\v2.32\pic\sources\c99\common\atoi.c
		_atoi          		CODE           	3242	0000	410

C:\Program Files\Microchip\xc8\v2.32\pic\sources\c99\common\atoi.c estimated size: 410

C:\Program Files\Microchip\xc8\v2.32\pic\sources\c99\common\nf_fputs.c
		_fputs         		CODE           	46C2	0000	68

C:\Program Files\Microchip\xc8\v2.32\pic\sources\c99\common\nf_fputs.c estimated size: 68

C:\Program Files\Microchip\xc8\v2.32\pic\sources\c99\common\fleq.c
		___fleq        		CODE           	3CC8	0000	170

C:\Program Files\Microchip\xc8\v2.32\pic\sources\c99\common\fleq.c estimated size: 170

C:\Program Files\Microchip\xc8\v2.32\pic\sources\c99\common\__fpclassifyf.c
		___fpclassifyf 		CODE           	3734	0000	254

C:\Program Files\Microchip\xc8\v2.32\pic\sources\c99\common\__fpclassifyf.c estimated size: 254

C:\Program Files\Microchip\xc8\v2.32\pic\sources\c99\common\isupper.c
		_isupper       		CODE           	47CC	0000	56

C:\Program Files\Microchip\xc8\v2.32\pic\sources\c99\common\isupper.c estimated size: 56

C:\Program Files\Microchip\xc8\v2.32\pic\sources\c99\common\Umul16.c
		___wmul        		CODE           	4A40	0000	38

C:\Program Files\Microchip\xc8\v2.32\pic\sources\c99\common\Umul16.c estimated size: 38

C:\Program Files\Microchip\xc8\v2.32\pic\sources\c99\common\isspace.c
		_isspace       		CODE           	4628	0000	82

C:\Program Files\Microchip\xc8\v2.32\pic\sources\c99\common\isspace.c estimated size: 82

C:\Program Files\Microchip\xc8\v2.32\pic\sources\c99\common\strncmp.c
		_strncmp       		CODE           	3832	0000	220

C:\Program Files\Microchip\xc8\v2.32\pic\sources\c99\common\strncmp.c estimated size: 220

C:\Program Files\Microchip\xc8\v2.32\pic\sources\c99\common\tolower.c
		_tolower       		CODE           	4408	0000	96

C:\Program Files\Microchip\xc8\v2.32\pic\sources\c99\common\tolower.c estimated size: 96

shared
		__initialization		CODE           	44C6	0000	82
		_fsmStateTable 		SMALLCONST     	1001	0000	32

shared estimated size: 114

C:\Program Files\Microchip\xc8\v2.32\pic\sources\c99\common\sprcmul.c
		___flmul       		CODE           	26B2	0000	1068

C:\Program Files\Microchip\xc8\v2.32\pic\sources\c99\common\sprcmul.c estimated size: 1068

C:\Program Files\Microchip\xc8\v2.32\pic\sources\c99\common\awmod.c
		___awmod       		CODE           	3C18	0000	176

C:\Program Files\Microchip\xc8\v2.32\pic\sources\c99\common\awmod.c estimated size: 176

mcc_generated_files/mcc.c
		_OSCILLATOR_Initialize		CODE           	4C3A	0000	10
		_SYSTEM_Initialize		CODE           	4B9E	0000	22

mcc_generated_files/mcc.c estimated size: 32

C:\Program Files\Microchip\xc8\v2.32\pic\sources\c99\common\sprcdiv.c
		___fldiv       		CODE           	2ADE	0000	922

C:\Program Files\Microchip\xc8\v2.32\pic\sources\c99\common\sprcdiv.c estimated size: 922

C:\Program Files\Microchip\xc8\v2.32\pic\sources\c99\common\fltol.c
		___fltol       		CODE           	3528	0000	262

C:\Program Files\Microchip\xc8\v2.32\pic\sources\c99\common\fltol.c estimated size: 262

mcc_generated_files/i2c_master.c
		_I2C_Close     		CODE           	49C2	0000	44
		_I2C_MasterStartRx		CODE           	4CE2	0000	4
		_I2C_DO_SEND_ADR_WRITE		CODE           	4BEC	0000	16
		_I2C_MasterWaitForEvent		CODE           	4BDC	0000	16
		_I2C_DO_SEND_STOP		CODE           	4C96	0000	8
		_I2C_MasterSendNack		CODE           	4CC4	0000	6
		_I2C_MasterDisableIrq		CODE           	4CFA	0000	4
		_I2C_CallbackReturnStop		CODE           	4CEA	0000	4
		_I2C_MasterOperation		CODE           	4706	0000	68
		_I2C_DO_SEND_ADR_READ		CODE           	4BFC	0000	16
		_I2C_DO_RX_NACK_STOP		CODE           	4C86	0000	8
		_I2C_DO_SEND_RESTART		CODE           	4C9E	0000	8
		_I2C_DO_RX     		CODE           	3E1A	0000	166
		_I2C_DO_TX     		CODE           	3A98	0000	196
		_I2C_DO_IDLE   		CODE           	4C24	0000	12
		_I2C_DO_RCEN   		CODE           	4C18	0000	12
		_I2C_Poller    		CODE           	4AF0	0000	30
		_I2C_DO_RESET  		CODE           	4C0C	0000	12
		_I2C_MasterClose		CODE           	4CFE	0000	4
		_I2C_MasterWrite		CODE           	4C76	0000	8
		_I2C_DO_RX_ACK 		CODE           	4C8E	0000	8
		_I2C_MasterStart		CODE           	4CF6	0000	4
		_I2C_MasterClearIrq		CODE           	4D02	0000	4
		_I2C_MasterGetRxData		CODE           	4CDE	0000	4
		_I2C_SetCallback		CODE           	416A	0000	122
		_I2C_DO_ADDRESS_NACK		CODE           	433E	0000	102
		_I2C_MasterEnableRestart		CODE           	4CF2	0000	4
		_I2C_CallbackReturnReset		CODE           	4CE6	0000	4
		_I2C_Open      		CODE           	3F56	0000	142
		_I2C_SetAddressNackCallback		CODE           	4B6E	0000	24
		_I2C_DO_TX_EMPTY		CODE           	40EE	0000	124
		_I2C_DO_SEND_RESTART_WRITE		CODE           	4CA6	0000	8
		_I2C_MasterIsNack		CODE           	4BC8	0000	20
		_I2C_SetDataCompleteCallback		CODE           	4B86	0000	24
		_I2C_DO_RX_NACK_RESTART		CODE           	4C7E	0000	8
		_I2C_MasterSendAck		CODE           	4CBE	0000	6
		_I2C_MasterFsm 		CODE           	42CE	0000	112
		_I2C_MasterSetIrq		CODE           	4CDA	0000	4
		_I2C_DO_SEND_RESTART_READ		CODE           	4CAE	0000	8
		_I2C_Initialize		CODE           	4BB4	0000	20
		_I2C_SetBuffer 		CODE           	4A8C	0000	36
		_I2C_MasterOpen		CODE           	4AB0	0000	34
		_I2C_MasterSendTxData		CODE           	4CB6	0000	8
		_I2C_MasterStop		CODE           	4CEE	0000	4

mcc_generated_files/i2c_master.c estimated size: 1476

C:\Program Files\Microchip\xc8\v2.32\pic\sources\c99\common\xxtofl.c
		___xxtofl      		CODE           	308E	0000	436

C:\Program Files\Microchip\xc8\v2.32\pic\sources\c99\common\xxtofl.c estimated size: 436

C:\Program Files\Microchip\xc8\v2.32\pic\sources\c99\common\printf.c
		_printf        		CODE           	4A18	0000	40

C:\Program Files\Microchip\xc8\v2.32\pic\sources\c99\common\printf.c estimated size: 40

C:\Program Files\Microchip\xc8\v2.32\pic\sources\c99\common\nf_fputc.c
		_fputc         		CODE           	3EC0	0000	150

C:\Program Files\Microchip\xc8\v2.32\pic\sources\c99\common\nf_fputc.c estimated size: 150

mcc_generated_files/eusart.c
		_EUSART_SetRxInterruptHandler		CODE           	4C4E	0000	10
		_EUSART_SetTxInterruptHandler		CODE           	4C44	0000	10
		_putch         		CODE           	4C30	0000	10
		_EUSART_DefaultOverrunErrorHandler		CODE           	4CCA	0000	6
		_EUSART_Write  		CODE           	457C	0000	88
		_EUSART_DefaultErrorHandler		CODE           	4CD0	0000	6
		_EUSART_Transmit_ISR		CODE           	474A	0000	66
		_EUSART_Initialize		CODE           	41E4	0000	118
		_EUSART_SetFramingErrorHandler		CODE           	4C62	0000	10
		_EUSART_SetErrorHandler		CODE           	4C6C	0000	10
		_EUSART_SetOverrunErrorHandler		CODE           	4C58	0000	10
		_EUSART_Receive_ISR		CODE           	3B5C	0000	188
		_EUSART_RxDataHandler		CODE           	49EE	0000	42
		_EUSART_DefaultFramingErrorHandler		CODE           	4D0C	0000	2

mcc_generated_files/eusart.c estimated size: 576

main.c
		_main          		CODE           	33DC	0000	332

main.c estimated size: 332

C:\Program Files\Microchip\xc8\v2.32\pic\sources\c99\common\strlen.c
		_strlen        		CODE           	48AC	0000	54

C:\Program Files\Microchip\xc8\v2.32\pic\sources\c99\common\strlen.c estimated size: 54

C:\Program Files\Microchip\xc8\v2.32\pic\sources\c99\common\flge.c
		___flge        		CODE           	362E	0000	262

C:\Program Files\Microchip\xc8\v2.32\pic\sources\c99\common\flge.c estimated size: 262

C:\Program Files\Microchip\xc8\v2.32\pic\sources\c99\common\floorf.c
		_floorf        		CODE           	2E78	0000	534

C:\Program Files\Microchip\xc8\v2.32\pic\sources\c99\common\floorf.c estimated size: 534

C:\Program Files\Microchip\xc8\v2.32\pic\sources\c99\common\strcpy.c
		_strcpy        		CODE           	4468	0000	94

C:\Program Files\Microchip\xc8\v2.32\pic\sources\c99\common\strcpy.c estimated size: 94

